// Jest Snapshot v1, https://goo.gl/fbAQLP

exports[`renders Footer correctly 1`] = `
<div
  className="footer"
>
  <div
    className="container footer-container"
  >
    <div
      className="footer-links"
    >
      <div
        className="footer-links-col"
      >
        <h3>
          About Bara
        </h3>
        <p>
          
          <a
            href="https://github.com/davidfeng88/bara"
            rel="noreferrer noopener"
            target="_blank"
          >
            GitHub Repo
          </a>
        </p>
      </div>
      <div
        className="footer-links-col"
      >
        <h3>
          About Me
        </h3>
        <p>
          
          <a
            href="https://davidfeng.us/"
            rel="noreferrer noopener"
            target="_blank"
          >
            Portfolio Site
          </a>
        </p>
        <p>
          
          <a
            href="https://github.com/davidfeng88"
            rel="noreferrer noopener"
            target="_blank"
          >
            GitHub
          </a>
        </p>
        <p>
          
          <a
            href="https://www.linkedin.com/in/gfeng/"
            rel="noreferrer noopener"
            target="_blank"
          >
            LinkedIn
          </a>
        </p>
        <p>
          
          <a
            href="https://angel.co/ge-david-feng"
            rel="noreferrer noopener"
            target="_blank"
          >
            AngelList
          </a>
        </p>
      </div>
      <div
        className="footer-links-col"
      >
        <h3>
          Credits
        </h3>
        <p>
          Design: 
          <a
            href="https://www.yelp.com/nyc"
            rel="noreferrer noopener"
            target="_blank"
          >
            Yelp
          </a>
        </p>
        <p>
          Developer: 
          <a
            href="https://davidfeng.us/"
            rel="noreferrer noopener"
            target="_blank"
          >
            Ge "David" Feng
          </a>
        </p>
        <p>
          Icons: 
          <a
            href="http://fontawesome.io/"
            rel="noreferrer noopener"
            target="_blank"
          >
            Font Awesome
          </a>
        </p>
        <p>
          Logo Designer: 
          <a
            href="https://www.linkedin.com/in/meng-zhang-692b7644/"
            rel="noreferrer noopener"
            target="_blank"
          >
            Meng Zhang
          </a>
        </p>
      </div>
    </div>
    <div
      className="footer-picture"
    >
      <img
        alt=""
        src=""
      />
    </div>
  </div>
</div>
`;
