// Jest Snapshot v1, https://goo.gl/fbAQLP

exports[`renders Categories correctly 1`] = `
<div
  className="center home-categories"
>
  <h2>
    Browse Businesses by Category
  </h2>
  <div
    className="category-cards"
  >
    <a
      className="category-card"
      href="#/businesses/?name=&location=New%20York"
    >
      <img
        alt=""
        src={undefined}
      />
      <p>
        Restaurants
      </p>
    </a>
    <a
      className="category-card"
      href="#/businesses/?name=&location=New%20York&tag=nightlife"
    >
      <img
        alt=""
        src={undefined}
      />
      <p>
        Nightlife
      </p>
    </a>
  </div>
</div>
`;

exports[`renders FeaturedBusinesses correctly 1`] = `
<div
  className="center home-businesses"
>
  <h2>
    Featured Businesses
  </h2>
  <div
    className="home-businesses-list"
  >
    <div
      className="home-business-item"
    >
      <a
        href="#/businesses/464"
      >
        <img
          alt=""
          src="http://s3.amazonaws.com/bara-dev/businesses/images/000/000/464/original/Chinese.jpg?1504386660"
        />
      </a>
      <div
        className="card-content"
      >
        <a
          href="#/businesses/464"
        >
          <strong>
            Buddakan
          </strong>
        </a>
        <div>
          14 reviews
        </div>
        $$$
         • 
        <a
          href="/businesses/?tag=Chinese"
        >
          Chinese
        </a>
        , 
        <a
          href="/businesses/?tag=Asian%20Fusion"
        >
          Asian Fusion
        </a>
      </div>
    </div>
    <div
      className="home-business-item"
    >
      <a
        href="#/businesses/460"
      >
        <img
          alt=""
          src="http://s3.amazonaws.com/bara-dev/businesses/images/000/000/460/original/French.jpg?1504386660"
        />
      </a>
      <div
        className="card-content"
      >
        <a
          href="#/businesses/460"
        >
          <strong>
            Dovetail
          </strong>
        </a>
        <div>
          14 reviews
        </div>
        $$$$
         • 
        <a
          href="/businesses/?tag=American"
        >
          American
        </a>
        , 
        <a
          href="/businesses/?tag=French"
        >
          French
        </a>
      </div>
    </div>
    <div
      className="home-business-item"
    >
      <a
        href="#/businesses/462"
      >
        <img
          alt=""
          src="http://s3.amazonaws.com/bara-dev/businesses/images/000/000/462/original/Seafood.jpg?1504386660"
        />
      </a>
      <div
        className="card-content"
      >
        <a
          href="#/businesses/462"
        >
          <strong>
            Burger & Lobster
          </strong>
        </a>
        <div>
          11 reviews
        </div>
        $$
         • 
        <a
          href="/businesses/?tag=American"
        >
          American
        </a>
        , 
        <a
          href="/businesses/?tag=Seafood"
        >
          Seafood
        </a>
      </div>
    </div>
  </div>
</div>
`;

exports[`renders HomeHero correctly 1`] = `
<div
  className="home-hero-bg-1"
>
  <HomeHeaderContainer Mock />
  <div
    className="logo"
    onClick={[Function]}
    onKeyPress={[Function]}
    role="button"
    tabIndex={0}
  >
    <img
      alt="home logo"
      src={undefined}
    />
  </div>
  <div
    className="home-search"
  >
    <SearchBar Mock />
  </div>
  <div
    className="home-header-links"
  >
    <span
      className="home-header-link"
    >
      <i
        aria-hidden="true"
        className="fa fa-cutlery"
      />
      <a
        href="#/businesses/?name=&location=New%20York"
      >
        Restaurants
      </a>
    </span>
    <span
      className="home-header-link"
    >
      <i
        aria-hidden="true"
        className="fa fa-glass"
      />
      <a
        href="#/businesses/?name=&location=New%20York&tag=nightlife"
      >
        Nightlife
      </a>
    </span>
    <p>
      Search Example: 
      <a
        href="#/businesses/?name=burger&location=19th%20St"
      >
        find "burger" near "19th St"
      </a>
    </p>
    <p>
      Click on bara logo for new random featured businesses
    </p>
  </div>
</div>
`;
